// Jest Snapshot v1, https://goo.gl/fbAQLP

exports[`react provider StatedBeanProvider 1`] = `
Array [
  <div>
    0
     
    <button
      id="addBtn"
      onClick={[Function]}
    >
      add
    </button>
  </div>,
  <div>
    0
     
    <button
      id="addBtn"
      onClick={[Function]}
    >
      add
    </button>
  </div>,
]
`;
